// Jest Snapshot v1, https://goo.gl/fbAQLP

exports[`kosko generate --prod 1`] = `
"---
metadata:
  annotations:
    app.gitlab.com/app: socialgouv-siret2idcc
    app.gitlab.com/env: prod2
    app.gitlab.com/env.name: prod2
  labels:
    app: app
    application: siret2idcc
    owner: siret2idcc
    team: siret2idcc
  name: app
  namespace: siret2idcc
spec:
  replicas: 1
  selector:
    matchLabels:
      app: app
  template:
    metadata:
      annotations:
        app.gitlab.com/app: socialgouv-siret2idcc
        app.gitlab.com/env: prod2
        app.gitlab.com/env.name: prod2
      labels:
        app: app
        application: siret2idcc
        owner: siret2idcc
        team: siret2idcc
    spec:
      containers:
        - image: >-
            registry.gitlab.factory.social.gouv.fr/socialgouv/siret2idcc/app:1.2.3
          livenessProbe:
            failureThreshold: 6
            httpGet:
              path: /healthz
              port: http
            initialDelaySeconds: 30
            periodSeconds: 5
            timeoutSeconds: 5
          name: app
          ports:
            - containerPort: 3000
              name: http
          readinessProbe:
            failureThreshold: 15
            httpGet:
              path: /healthz
              port: http
            initialDelaySeconds: 0
            periodSeconds: 5
            successThreshold: 1
            timeoutSeconds: 1
          resources:
            limits:
              cpu: 500m
              memory: 1280Mi
            requests:
              cpu: 100m
              memory: 128Mi
          startupProbe:
            failureThreshold: 12
            httpGet:
              path: /healthz
              port: http
            periodSeconds: 5
apiVersion: apps/v1
kind: Deployment
---
metadata:
  labels:
    app: app
    application: siret2idcc
    owner: siret2idcc
    team: siret2idcc
  name: app
  annotations:
    app.gitlab.com/app: socialgouv-siret2idcc
    app.gitlab.com/env: prod2
    app.gitlab.com/env.name: prod2
  namespace: siret2idcc
spec:
  ports:
    - name: http
      port: 80
      targetPort: 3000
  selector:
    app: app
  type: ClusterIP
apiVersion: v1
kind: Service
---
metadata:
  annotations:
    kubernetes.io/ingress.class: nginx
    certmanager.k8s.io/cluster-issuer: letsencrypt-prod
    kubernetes.io/tls-acme: 'true'
    app.gitlab.com/app: socialgouv-siret2idcc
    app.gitlab.com/env: prod2
    app.gitlab.com/env.name: prod2
  labels:
    app: app
    application: siret2idcc
    owner: siret2idcc
    team: siret2idcc
  name: app
  namespace: siret2idcc
spec:
  rules:
    - host: siret2idcc.fabrique.social.gouv.fr
      http:
        paths:
          - backend:
              serviceName: app
              servicePort: 80
            path: /
  tls:
    - hosts:
        - siret2idcc.fabrique.social.gouv.fr
      secretName: app-crt
apiVersion: extensions/v1beta1
kind: Ingress
"
`;
